gitM1056225@G1C2ML34813 MINGW64 /d/flipkartshoppingapplication
$ git init
Initialized empty Git repository in D:/flipkartshoppingapplication/.git/

M1056225@G1C2ML34813 MINGW64 /d/flipkartshoppingapplication (master)
$ git status
On branch master

No commits yet

Untracked files:
  (use "git add <file>..." to include in what will be committed)
        .gitignore
        .mvn/
        mvnw
        mvnw.cmd
        pom.xml
        src/

nothing added to commit but untracked files present (use "git add" to track)

M1056225@G1C2ML34813 MINGW64 /d/flipkartshoppingapplication (master)
$ git add .
warning: LF will be replaced by CRLF in .gitignore.
The file will have its original line endings in your working directory
warning: LF will be replaced by CRLF in .mvn/wrapper/MavenWrapperDownloader.java.
The file will have its original line endings in your working directory
warning: LF will be replaced by CRLF in .mvn/wrapper/maven-wrapper.properties.
The file will have its original line endings in your working directory
warning: LF will be replaced by CRLF in mvnw.
The file will have its original line endings in your working directory
warning: LF will be replaced by CRLF in mvnw.cmd.
The file will have its original line endings in your working directory
warning: LF will be replaced by CRLF in pom.xml.
The file will have its original line endings in your working directory
warning: LF will be replaced by CRLF in src/main/java/com/mindtree/flipkartshoppingapplication/FlipkartshoppingapplicationApplication.java.
The file will have its original line endings in your working directory
warning: LF will be replaced by CRLF in src/main/java/com/mindtree/flipkartshoppingapplication/ServletInitializer.java.
The file will have its original line endings in your working directory
warning: LF will be replaced by CRLF in src/main/resources/application.properties.
The file will have its original line endings in your working directory
warning: LF will be replaced by CRLF in src/test/java/com/mindtree/flipkartshoppingapplication/FlipkartshoppingapplicationApplicationTests.java.
The file will have its original line endings in your working directory

M1056225@G1C2ML34813 MINGW64 /d/flipkartshoppingapplication (master)
$ git status
On branch master

No commits yet

Changes to be committed:
  (use "git rm --cached <file>..." to unstage)
        new file:   .gitignore
        new file:   .mvn/wrapper/MavenWrapperDownloader.java
        new file:   .mvn/wrapper/maven-wrapper.jar
        new file:   .mvn/wrapper/maven-wrapper.properties
        new file:   mvnw
        new file:   mvnw.cmd
        new file:   pom.xml
        new file:   src/main/java/com/mindtree/flipkartshoppingapplication/FlipkartshoppingapplicationApplication.java
        new file:   src/main/java/com/mindtree/flipkartshoppingapplication/ServletInitializer.java
        new file:   src/main/java/com/mindtree/flipkartshoppingapplication/controller/FlipkartApplicationController.java
        new file:   src/main/java/com/mindtree/flipkartshoppingapplication/dto/BrandDto.java
        new file:   src/main/java/com/mindtree/flipkartshoppingapplication/dto/CategoryDto.java
        new file:   src/main/java/com/mindtree/flipkartshoppingapplication/dto/ProductDto.java
        new file:   src/main/java/com/mindtree/flipkartshoppingapplication/entity/Brand.java
        new file:   src/main/java/com/mindtree/flipkartshoppingapplication/entity/Category.java
        new file:   src/main/java/com/mindtree/flipkartshoppingapplication/entity/Product.java
        new file:   src/main/java/com/mindtree/flipkartshoppingapplication/exception/ExceptionHandler.java
        new file:   src/main/java/com/mindtree/flipkartshoppingapplication/exception/FlipkartShoppingApplicationException.java
        new file:   src/main/java/com/mindtree/flipkartshoppingapplication/exception/InvalidProductTypeException.java
        new file:   src/main/java/com/mindtree/flipkartshoppingapplication/exception/NoBrandFoundException.java
        new file:   src/main/java/com/mindtree/flipkartshoppingapplication/exception/NoCategoryfoundException.java
        new file:   src/main/java/com/mindtree/flipkartshoppingapplication/exception/NoSuchBrandException.java
        new file:   src/main/java/com/mindtree/flipkartshoppingapplication/exception/ServiceException.java
        new file:   src/main/java/com/mindtree/flipkartshoppingapplication/repository/BrandRepository.java
        new file:   src/main/java/com/mindtree/flipkartshoppingapplication/repository/CategoryRepository.java
        new file:   src/main/java/com/mindtree/flipkartshoppingapplication/repository/ProductRepository.java
        new file:   src/main/java/com/mindtree/flipkartshoppingapplication/service/BrandService.java
        new file:   src/main/java/com/mindtree/flipkartshoppingapplication/service/CategoryService.java
        new file:   src/main/java/com/mindtree/flipkartshoppingapplication/service/ProductService.java
        new file:   src/main/java/com/mindtree/flipkartshoppingapplication/service/impl/BrandServiceImpl.java
        new file:   src/main/java/com/mindtree/flipkartshoppingapplication/service/impl/CategoryServiceImpl.java
        new file:   src/main/java/com/mindtree/flipkartshoppingapplication/service/impl/ProductServiceImpl.java
        new file:   src/main/resources/application.properties
        new file:   src/main/webapp/WEB-INF/views/addBrand.jsp
        new file:   src/main/webapp/WEB-INF/views/addCategory.jsp
        new file:   src/main/webapp/WEB-INF/views/addProduct.jsp
        new file:   src/main/webapp/WEB-INF/views/displayBrands.jsp
        new file:   src/main/webapp/WEB-INF/views/displayButtons.jsp
        new file:   src/main/webapp/WEB-INF/views/displayCategory.jsp
        new file:   src/main/webapp/WEB-INF/views/displayProducts.jsp
        new file:   src/main/webapp/WEB-INF/views/error.jsp
        new file:   src/main/webapp/WEB-INF/views/menu.jsp
        new file:   src/test/java/com/mindtree/flipkartshoppingapplication/FlipkartshoppingapplicationApplicationTests.java


M1056225@G1C2ML34813 MINGW64 /d/flipkartshoppingapplication (master)
$ git commit -m "dada commited"
[master (root-commit) cbf6459] dada commited
 Committer: Vibhuti Kumar <M1056225@mindtree.com>
Your name and email address were configured automatically based
on your username and hostname. Please check that they are accurate.
You can suppress this message by setting them explicitly:

    git config --global user.name "Your Name"
    git config --global user.email you@example.com

After doing this, you may fix the identity used for this commit with:

    git commit --amend --reset-author

 43 files changed, 2586 insertions(+)
 create mode 100644 .gitignore
 create mode 100644 .mvn/wrapper/MavenWrapperDownloader.java
 create mode 100644 .mvn/wrapper/maven-wrapper.jar
 create mode 100644 .mvn/wrapper/maven-wrapper.properties
 create mode 100644 mvnw
 create mode 100644 mvnw.cmd
 create mode 100644 pom.xml
 create mode 100644 src/main/java/com/mindtree/flipkartshoppingapplication/FlipkartshoppingapplicationApplication.java
 create mode 100644 src/main/java/com/mindtree/flipkartshoppingapplication/ServletInitializer.java
 create mode 100644 src/main/java/com/mindtree/flipkartshoppingapplication/controller/FlipkartApplicationController.java
 create mode 100644 src/main/java/com/mindtree/flipkartshoppingapplication/dto/BrandDto.java
 create mode 100644 src/main/java/com/mindtree/flipkartshoppingapplication/dto/CategoryDto.java
 create mode 100644 src/main/java/com/mindtree/flipkartshoppingapplication/dto/ProductDto.java
 create mode 100644 src/main/java/com/mindtree/flipkartshoppingapplication/entity/Brand.java
 create mode 100644 src/main/java/com/mindtree/flipkartshoppingapplication/entity/Category.java
 create mode 100644 src/main/java/com/mindtree/flipkartshoppingapplication/entity/Product.java
 create mode 100644 src/main/java/com/mindtree/flipkartshoppingapplication/exception/ExceptionHandler.java
 create mode 100644 src/main/java/com/mindtree/flipkartshoppingapplication/exception/FlipkartShoppingApplicationException.java
 create mode 100644 src/main/java/com/mindtree/flipkartshoppingapplication/exception/InvalidProductTypeException.java
 create mode 100644 src/main/java/com/mindtree/flipkartshoppingapplication/exception/NoBrandFoundException.java
 create mode 100644 src/main/java/com/mindtree/flipkartshoppingapplication/exception/NoCategoryfoundException.java
 create mode 100644 src/main/java/com/mindtree/flipkartshoppingapplication/exception/NoSuchBrandException.java
 create mode 100644 src/main/java/com/mindtree/flipkartshoppingapplication/exception/ServiceException.java
 create mode 100644 src/main/java/com/mindtree/flipkartshoppingapplication/repository/BrandRepository.java
 create mode 100644 src/main/java/com/mindtree/flipkartshoppingapplication/repository/CategoryRepository.java
 create mode 100644 src/main/java/com/mindtree/flipkartshoppingapplication/repository/ProductRepository.java
 create mode 100644 src/main/java/com/mindtree/flipkartshoppingapplication/service/BrandService.java
 create mode 100644 src/main/java/com/mindtree/flipkartshoppingapplication/service/CategoryService.java
 create mode 100644 src/main/java/com/mindtree/flipkartshoppingapplication/service/ProductService.java
 create mode 100644 src/main/java/com/mindtree/flipkartshoppingapplication/service/impl/BrandServiceImpl.java
 create mode 100644 src/main/java/com/mindtree/flipkartshoppingapplication/service/impl/CategoryServiceImpl.java
 create mode 100644 src/main/java/com/mindtree/flipkartshoppingapplication/service/impl/ProductServiceImpl.java
 create mode 100644 src/main/resources/application.properties
 create mode 100644 src/main/webapp/WEB-INF/views/addBrand.jsp
 create mode 100644 src/main/webapp/WEB-INF/views/addCategory.jsp
 create mode 100644 src/main/webapp/WEB-INF/views/addProduct.jsp
 create mode 100644 src/main/webapp/WEB-INF/views/displayBrands.jsp
 create mode 100644 src/main/webapp/WEB-INF/views/displayButtons.jsp
 create mode 100644 src/main/webapp/WEB-INF/views/displayCategory.jsp
 create mode 100644 src/main/webapp/WEB-INF/views/displayProducts.jsp
 create mode 100644 src/main/webapp/WEB-INF/views/error.jsp
 create mode 100644 src/main/webapp/WEB-INF/views/menu.jsp
 create mode 100644 src/test/java/com/mindtree/flipkartshoppingapplication/FlipkartshoppingapplicationApplicationTests.java

M1056225@G1C2ML34813 MINGW64 /d/flipkartshoppingapplication (master)
$ git push git@glcgitlab.southindia.cloudapp.azure.com:playground/Oct-2019/playground/M1056165/sandeep/M1056225/projectdemo/dadaproject.git master
Enumerating objects: 69, done.
Counting objects: 100% (69/69), done.
Delta compression using up to 8 threads
Compressing objects: 100% (61/61), done.
Writing objects: 100% (69/69), 65.56 KiB | 1.39 MiB/s, done.
Total 69 (delta 20), reused 0 (delta 0)
To glcgitlab.southindia.cloudapp.azure.com:playground/Oct-2019/playground/M1056165/sandeep/M1056225/projectdemo/dadaproject.git
 * [new branch]      master -> master

M1056225@G1C2ML34813 MINGW64 /d/flipkartshoppingapplication (master)
$
